Archive member included to satisfy reference by file (symbol)

c:/program files (x86)/atmel/studio/7.0/toolchain/avr8/avr8-gnu-toolchain/bin/../lib/gcc/avr/5.4.0/../../../../avr/lib/avr5\libm.a(addsf3.o)
                              ECU_Layer/Chr_LCD/ecu_chr_lcd.o (__subsf3)
c:/program files (x86)/atmel/studio/7.0/toolchain/avr8/avr8-gnu-toolchain/bin/../lib/gcc/avr/5.4.0/../../../../avr/lib/avr5\libm.a(addsf3x.o)
                              c:/program files (x86)/atmel/studio/7.0/toolchain/avr8/avr8-gnu-toolchain/bin/../lib/gcc/avr/5.4.0/../../../../avr/lib/avr5\libm.a(addsf3.o) (__addsf3x)
c:/program files (x86)/atmel/studio/7.0/toolchain/avr8/avr8-gnu-toolchain/bin/../lib/gcc/avr/5.4.0/../../../../avr/lib/avr5\libm.a(divsf3.o)
                              Services_Layer/LDR/LDR_interface.o (__divsf3)
c:/program files (x86)/atmel/studio/7.0/toolchain/avr8/avr8-gnu-toolchain/bin/../lib/gcc/avr/5.4.0/../../../../avr/lib/avr5\libm.a(divsf3x.o)
                              c:/program files (x86)/atmel/studio/7.0/toolchain/avr8/avr8-gnu-toolchain/bin/../lib/gcc/avr/5.4.0/../../../../avr/lib/avr5\libm.a(divsf3.o) (__divsf3x)
c:/program files (x86)/atmel/studio/7.0/toolchain/avr8/avr8-gnu-toolchain/bin/../lib/gcc/avr/5.4.0/../../../../avr/lib/avr5\libm.a(fixsfsi.o)
                              ECU_Layer/Chr_LCD/ecu_chr_lcd.o (__fixsfsi)
c:/program files (x86)/atmel/studio/7.0/toolchain/avr8/avr8-gnu-toolchain/bin/../lib/gcc/avr/5.4.0/../../../../avr/lib/avr5\libm.a(fixunssfsi.o)
                              ECU_Layer/Chr_LCD/ecu_chr_lcd.o (__fixunssfsi)
c:/program files (x86)/atmel/studio/7.0/toolchain/avr8/avr8-gnu-toolchain/bin/../lib/gcc/avr/5.4.0/../../../../avr/lib/avr5\libm.a(floatsisf.o)
                              Services_Layer/LDR/LDR_interface.o (__floatunsisf)
c:/program files (x86)/atmel/studio/7.0/toolchain/avr8/avr8-gnu-toolchain/bin/../lib/gcc/avr/5.4.0/../../../../avr/lib/avr5\libm.a(fp_inf.o)
                              c:/program files (x86)/atmel/studio/7.0/toolchain/avr8/avr8-gnu-toolchain/bin/../lib/gcc/avr/5.4.0/../../../../avr/lib/avr5\libm.a(addsf3x.o) (__fp_inf)
c:/program files (x86)/atmel/studio/7.0/toolchain/avr8/avr8-gnu-toolchain/bin/../lib/gcc/avr/5.4.0/../../../../avr/lib/avr5\libm.a(fp_nan.o)
                              c:/program files (x86)/atmel/studio/7.0/toolchain/avr8/avr8-gnu-toolchain/bin/../lib/gcc/avr/5.4.0/../../../../avr/lib/avr5\libm.a(addsf3x.o) (__fp_nan)
c:/program files (x86)/atmel/studio/7.0/toolchain/avr8/avr8-gnu-toolchain/bin/../lib/gcc/avr/5.4.0/../../../../avr/lib/avr5\libm.a(fp_pscA.o)
                              c:/program files (x86)/atmel/studio/7.0/toolchain/avr8/avr8-gnu-toolchain/bin/../lib/gcc/avr/5.4.0/../../../../avr/lib/avr5\libm.a(addsf3x.o) (__fp_pscA)
c:/program files (x86)/atmel/studio/7.0/toolchain/avr8/avr8-gnu-toolchain/bin/../lib/gcc/avr/5.4.0/../../../../avr/lib/avr5\libm.a(fp_pscB.o)
                              c:/program files (x86)/atmel/studio/7.0/toolchain/avr8/avr8-gnu-toolchain/bin/../lib/gcc/avr/5.4.0/../../../../avr/lib/avr5\libm.a(addsf3x.o) (__fp_pscB)
c:/program files (x86)/atmel/studio/7.0/toolchain/avr8/avr8-gnu-toolchain/bin/../lib/gcc/avr/5.4.0/../../../../avr/lib/avr5\libm.a(fp_round.o)
                              c:/program files (x86)/atmel/studio/7.0/toolchain/avr8/avr8-gnu-toolchain/bin/../lib/gcc/avr/5.4.0/../../../../avr/lib/avr5\libm.a(addsf3.o) (__fp_round)
c:/program files (x86)/atmel/studio/7.0/toolchain/avr8/avr8-gnu-toolchain/bin/../lib/gcc/avr/5.4.0/../../../../avr/lib/avr5\libm.a(fp_split3.o)
                              c:/program files (x86)/atmel/studio/7.0/toolchain/avr8/avr8-gnu-toolchain/bin/../lib/gcc/avr/5.4.0/../../../../avr/lib/avr5\libm.a(addsf3x.o) (__fp_split3)
c:/program files (x86)/atmel/studio/7.0/toolchain/avr8/avr8-gnu-toolchain/bin/../lib/gcc/avr/5.4.0/../../../../avr/lib/avr5\libm.a(fp_zero.o)
                              c:/program files (x86)/atmel/studio/7.0/toolchain/avr8/avr8-gnu-toolchain/bin/../lib/gcc/avr/5.4.0/../../../../avr/lib/avr5\libm.a(addsf3x.o) (__fp_zero)
c:/program files (x86)/atmel/studio/7.0/toolchain/avr8/avr8-gnu-toolchain/bin/../lib/gcc/avr/5.4.0/../../../../avr/lib/avr5\libm.a(mulsf3.o)
                              ECU_Layer/Chr_LCD/ecu_chr_lcd.o (__mulsf3)
c:/program files (x86)/atmel/studio/7.0/toolchain/avr8/avr8-gnu-toolchain/bin/../lib/gcc/avr/5.4.0/../../../../avr/lib/avr5\libm.a(mulsf3x.o)
                              c:/program files (x86)/atmel/studio/7.0/toolchain/avr8/avr8-gnu-toolchain/bin/../lib/gcc/avr/5.4.0/../../../../avr/lib/avr5\libm.a(mulsf3.o) (__mulsf3x)
c:/program files (x86)/atmel/studio/7.0/toolchain/avr8/avr8-gnu-toolchain/bin/../lib/gcc/avr/5.4.0/avr5\libgcc.a(_divmodhi4.o)
                              ECU_Layer/Chr_LCD/ecu_chr_lcd.o (__divmodhi4)
c:/program files (x86)/atmel/studio/7.0/toolchain/avr8/avr8-gnu-toolchain/bin/../lib/gcc/avr/5.4.0/avr5\libgcc.a(_udivmodsi4.o)
[...]
Memory Configuration

Name             Origin             Length             Attributes
text             0x00000000         0x00008000         xr
data             0x00800060         0x00000800         rw !x
eeprom           0x00810000         0x00000400         rw !x
fuse             0x00820000         0x00000002         rw !x
lock             0x00830000         0x00000400         rw !x
signature        0x00840000         0x00000400         rw !x
user_signatures  0x00850000         0x00000400         rw !x
*default*        0x00000000         0xffffffff

Linker script and memory map

LOAD C:/Program Files (x86)/Atmel/Studio/7.0/Packs/atmel/ATmega_DFP/1.7.374/gcc/dev/atmega32a/avr5/crtatmega32a.o
LOAD application.o
LOAD ECU_Layer/Button/ecu_button.o
LOAD ECU_Layer/Chr_LCD/ecu_chr_lcd.o
LOAD ECU_Layer/DC_Motor/ecu_dc_motor.o
LOAD ECU_Layer/Keypad/ecu_keypad.o
LOAD ECU_Layer/LED/ecu_led.o
LOAD ECU_Layer/nRF24L01/ecu_nRF24L01.o
LOAD ECU_Layer/Relay/ecu_relay.o
LOAD ECU_Layer/Seven_Segment/ecu_seven_seg.o
LOAD MCAL_Layer/ADC/hal_adc.o
LOAD MCAL_Layer/device_config.o
LOAD MCAL_Layer/EEPROM/hal_eeprom.o
LOAD MCAL_Layer/GPIO/hal_gpio.o
LOAD MCAL_Layer/I2C/hal_i2c.o
LOAD MCAL_Layer/Interrupt/mcal_internal_interrupt.o
LOAD MCAL_Layer/Interrupt/mcal_external_interrupt.o
LOAD MCAL_Layer/Interrupt/mcal_interrupt_manger.o
LOAD MCAL_Layer/SPI/hal_spi.o
LOAD MCAL_Layer/Timer0/hal_timer0.o
LOAD MCAL_Layer/Timer1/hal_timer1.o
LOAD MCAL_Layer/USART/hal_usart.o
LOAD Services_Layer/LDR/LDR_interface.o
LOAD Services_Layer/Lighting_ECU/lighting_interface.o
START GROUP
LOAD c:/program files (x86)/atmel/studio/7.0/toolchain/avr8/avr8-gnu-toolchain/bin/../lib/gcc/avr/5.4.0/../../../../avr/lib/avr5\libm.a
END GROUP
START GROUP
LOAD c:/program files (x86)/atmel/studio/7.0/toolchain/avr8/avr8-gnu-toolchain/bin/../lib/gcc/avr/5.4.0/avr5\libgcc.a
LOAD c:/program files (x86)/atmel/studio/7.0/toolchain/avr8/avr8-gnu-toolchain/bin/../lib/gcc/avr/5.4.0/../../../../avr/lib/avr5\libm.a
LOAD c:/program files (x86)/atmel/studio/7.0/toolchain/avr8/avr8-gnu-toolchain/bin/../lib/gcc/avr/5.4.0/../../../../avr/lib/avr5\libc.a
LOAD C:/Program Files (x86)/Atmel/Studio/7.0/Packs/atmel/ATmega_DFP/1.7.374/gcc/dev/atmega32a/avr5\libatmega32a.a
END GROUP
                [0x00000000]                __TEXT_REGION_ORIGIN__ = DEFINED (__TEXT_REGION_ORIGIN__)?__TEXT_REGION_ORIGIN__:0x0
                [0x00800060]                __DATA_REGION_ORIGIN__ = DEFINED (__DATA_REGION_ORIGIN__)?__DATA_REGION_ORIGIN__:0x800060
                [0x00008000]                __TEXT_REGION_LENGTH__ = DEFINED (__TEXT_REGION_LENGTH__)?__TEXT_REGION_LENGTH__:0x20000
                [0x00000800]                __DATA_REGION_LENGTH__ = DEFINED (__DATA_REGION_LENGTH__)?__DATA_REGION_LENGTH__:0xffa0
                [0x00000400]                __EEPROM_REGION_LENGTH__ = DEFINED (__EEPROM_REGION_LENGTH__)?__EEPROM_REGION_LENGTH__:0x10000
                [0x00000002]                __FUSE_REGION_LENGTH__ = DEFINED (__FUSE_REGION_LENGTH__)?__FUSE_REGION_LENGTH__:0x400
                0x00000400                __LOCK_REGION_LENGTH__ = DEFINED (__LOCK_REGION_LENGTH__)?__LOCK_REGION_LENGTH__:0x400
                0x00000400                __SIGNATURE_REGION_LENGTH__ = DEFINED (__SIGNATURE_REGION_LENGTH__)?__SIGNATURE_REGION_LENGTH__:0x400
                0x00000400                __USER_SIGNATURE_REGION_LENGTH__ = DEFINED (__USER_SIGNATURE_REGION_LENGTH__)?__USER_SIGNATURE_REGION_LENGTH__:0x400

.hash
 *(.hash)

.dynsym
 *(.dynsym)

.dynstr
 *(.dynstr)

.gnu.version
 *(.gnu.version)

.gnu.version_d
 *(.gnu.version_d)

.gnu.version_r
 *(.gnu.version_r)

.rel.init
 *(.rel.init)

.rela.init
 *(.rela.init)

.rel.text
 *(.rel.text)
 *(.rel.text.*)
 *(.rel.gnu.linkonce.t*)

.rela.text
 *(.rela.text)
 *(.rela.text.*)
 *(.rela.gnu.linkonce.t*)

.rel.fini
 *(.rel.fini)

.rela.fini
 *(.rela.fini)

.rel.rodata
 *(.rel.rodata)
 *(.rel.rodata.*)
 *(.rel.gnu.linkonce.r*)

.rela.rodata
 *(.rela.rodata)
 *(.rela.rodata.*)
 *(.rela.gnu.linkonce.r*)

.rel.data
 *(.rel.data)
 *(.rel.data.*)
 *(.rel.gnu.linkonce.d*)

.rela.data
 *(.rela.data)
 *(.rela.data.*)
 *(.rela.gnu.linkonce.d*)

.rel.ctors
 *(.rel.ctors)

.rela.ctors
 *(.rela.ctors)

.rel.dtors
 *(.rel.dtors)

.rela.dtors
 *(.rela.dtors)

.rel.got
 *(.rel.got)

.rela.got
 *(.rela.got)

.rel.bss
 *(.rel.bss)

.rela.bss
 *(.rela.bss)

.rel.plt
 *(.rel.plt)

.rela.plt
 *(.rela.plt)

.text           0x00000000      0xcce
 *(.vectors)
 .vectors       0x00000000       0x54 C:/Program Files (x86)/Atmel/Studio/7.0/Packs/atmel/ATmega_DFP/1.7.374/gcc/dev/atmega32a/avr5/crtatmega32a.o
                0x00000000                __vector_default
                0x00000000                __vectors
 *(.vectors)
 *(.progmem.gcc*)
                0x00000054                . = ALIGN (0x2)
                0x00000054                __trampolines_start = .
 *(.trampolines)
 .trampolines   0x00000054        0x0 linker stubs
 *(.trampolines*)
                0x00000054                __trampolines_end = .
 *libprintf_flt.a:*(.progmem.data)
 *libc.a:*(.progmem.data)
 *(.progmem*)
                0x00000054                . = ALIGN (0x2)
 *(.jumptables)
 *(.jumptables*)
 *(.lowtext)
 *(.lowtext*)
                0x00000054                __ctors_start = .
 *(.ctors)
                0x00000054                __ctors_end = .
                0x00000054                __dtors_start = .
 *(.dtors)
                0x00000054                __dtors_end = .
 SORT(*)(.ctors)
 SORT(*)(.dtors)
 *(.init0)
 .init0         0x00000054        0x0 C:/Program Files (x86)/Atmel/Studio/7.0/Packs/atmel/ATmega_DFP/1.7.374/gcc/dev/atmega32a/avr5/crtatmega32a.o
                0x00000054                __init
 *(.init0)
 *(.init1)
 *(.init1)
 *(.init2)
 .init2         0x00000054        0xc C:/Program Files (x86)/Atmel/Studio/7.0/Packs/atmel/ATmega_DFP/1.7.374/gcc/dev/atmega32a/avr5/crtatmega32a.o
 *(.init2)
 *(.init3)
 *(.init3)
 *(.init4)
 .init4         0x00000060       0x16 c:/program files (x86)/atmel/studio/7.0/toolchain/avr8/avr8-gnu-toolchain/bin/../lib/gcc/avr/5.4.0/avr5\libgcc.a(_copy_data.o)
                0x00000060                __do_copy_data
 .init4         0x00000076       0x10 c:/program files (x86)/atmel/studio/7.0/toolchain/avr8/avr8-gnu-toolchain/bin/../lib/gcc/avr/5.4.0/avr5\libgcc.a(_clear_bss.o)
                0x00000076                __do_clear_bss
 *(.init4)
 *(.init5)
 *(.init5)
 *(.init6)
 *(.init6)
 *(.init7)
 *(.init7)
 *(.init8)
 *(.init8)
 *(.init9)
 .init9         0x00000086        0x8 C:/Program Files (x86)/Atmel/Studio/7.0/Packs/atmel/ATmega_DFP/1.7.374/gcc/dev/atmega32a/avr5/crtatmega32a.o
 *(.init9)
 *(.text)
 .text          0x0000008e        0x4 C:/Program Files (x86)/Atmel/Studio/7.0/Packs/atmel/ATmega_DFP/1.7.374/gcc/dev/atmega32a/avr5/crtatmega32a.o
                0x0000008e                __vector_17
                0x0000008e                __vector_5
                0x0000008e                __vector_4
                0x0000008e                __vector_14
                0x0000008e                __vector_18
                0x0000008e                __vector_20
                0x0000008e                __bad_interrupt
                0x00000092                . = ALIGN (0x2)
 *(.text.*)
 .text.application_intialize
                0x00000092       0x22 application.o
                0x00000092                application_intialize
 .text.main     0x000000b4       0x30 application.o
                0x000000b4                main
 .text.led_intialize
                0x000000e4       0x50 ECU_Layer/LED/ecu_led.o
                0x000000e4                led_intialize
 .text.led_turn_on
                0x00000134       0x52 ECU_Layer/LED/ecu_led.o
                0x00000134                led_turn_on
 .text.nrf24_init
                0x00000186       0x2e ECU_Layer/nRF24L01/ecu_nRF24L01.o
                0x00000186                nrf24_init
 .text.spi_transfer
                0x000001b4        0xa ECU_Layer/nRF24L01/ecu_nRF24L01.o
                0x000001b4                spi_transfer
 .text.nrf24_getStatus
                0x000001be       0x28 ECU_Layer/nRF24L01/ecu_nRF24L01.o
                0x000001be                nrf24_getStatus
 .text.nrf24_transferSync
                0x000001e6       0x50 ECU_Layer/nRF24L01/ecu_nRF24L01.o
                0x000001e6                nrf24_transferSync
 .text.nrf24_transmitSync
                0x00000236       0x30 ECU_Layer/nRF24L01/ecu_nRF24L01.o
                0x00000236                nrf24_transmitSync
 .text.nrf24_configRegister
                0x00000266       0x3a ECU_Layer/nRF24L01/ecu_nRF24L01.o
                0x00000266                nrf24_configRegister
 .text.nrf24_getData
                0x000002a0       0x3e ECU_Layer/nRF24L01/ecu_nRF24L01.o
                0x000002a0                nrf24_getData
 .text.nrf24_powerUpRx
                0x000002de       0x44 ECU_Layer/nRF24L01/ecu_nRF24L01.o
                0x000002de                nrf24_powerUpRx
 .text.nrf24_config
                0x00000322       0x74 ECU_Layer/nRF24L01/ecu_nRF24L01.o
                0x00000322                nrf24_config
 .text.nrf24_readRegister
                0x00000396       0x42 ECU_Layer/nRF24L01/ecu_nRF24L01.o
                0x00000396                nrf24_readRegister
 .text.nrf24_rxFifoEmpty
                0x000003d8       0x24 ECU_Layer/nRF24L01/ecu_nRF24L01.o
                0x000003d8                nrf24_rxFifoEmpty
 .text.nrf24_dataReady
                0x000003fc       0x1c ECU_Layer/nRF24L01/ecu_nRF24L01.o
                0x000003fc                nrf24_dataReady
 .text.nrf24_writeRegister
                0x00000418       0x42 ECU_Layer/nRF24L01/ecu_nRF24L01.o
                0x00000418                nrf24_writeRegister
 .text.nrf24_rx_address
                0x0000045a       0x2a ECU_Layer/nRF24L01/ecu_nRF24L01.o
                0x0000045a                nrf24_rx_address
 .text.ADC_ISR  0x00000484       0x16 MCAL_Layer/ADC/hal_adc.o
                0x00000484                ADC_ISR
 .text.gpio_pin_direction_intialize
                0x0000049a       0x82 MCAL_Layer/GPIO/hal_gpio.o
                0x0000049a                gpio_pin_direction_intialize
 .text.gpio_pin_write_logic
                0x0000051c       0x80 MCAL_Layer/GPIO/hal_gpio.o
                0x0000051c                gpio_pin_write_logic
 .text.gpio_pin_intialize
                0x0000059c       0x28 MCAL_Layer/GPIO/hal_gpio.o
                0x0000059c                gpio_pin_intialize
 .text.I2C_ISR  0x000005c4       0x16 MCAL_Layer/I2C/hal_i2c.o
                0x000005c4                I2C_ISR
 .text.INT0_ISR
                0x000005da       0x16 MCAL_Layer/Interrupt/mcal_external_interrupt.o
                0x000005da                INT0_ISR
 .text.INT1_ISR
                0x000005f0       0x16 MCAL_Layer/Interrupt/mcal_external_interrupt.o
                0x000005f0                INT1_ISR
 .text.INT2_ISR
                0x00000606       0x16 MCAL_Layer/Interrupt/mcal_external_interrupt.o
                0x00000606                INT2_ISR
 .text.__vector_1
                0x0000061c       0x48 MCAL_Layer/Interrupt/mcal_interrupt_manger.o
                0x0000061c                __vector_1
 .text.__vector_2
                0x00000664       0x48 MCAL_Layer/Interrupt/mcal_interrupt_manger.o
                0x00000664                __vector_2
 .text.__vector_3
                0x000006ac       0x48 MCAL_Layer/Interrupt/mcal_interrupt_manger.o
                0x000006ac                __vector_3
 .text.__vector_16
                0x000006f4       0x48 MCAL_Layer/Interrupt/mcal_interrupt_manger.o
                0x000006f4                __vector_16
 .text.__vector_15
                0x0000073c       0x48 MCAL_Layer/Interrupt/mcal_interrupt_manger.o
                0x0000073c                __vector_15
 .text.__vector_13
                0x00000784       0x48 MCAL_Layer/Interrupt/mcal_interrupt_manger.o
                0x00000784                __vector_13
 .text.__vector_19
                0x000007cc       0x48 MCAL_Layer/Interrupt/mcal_interrupt_manger.o
                0x000007cc                __vector_19
 .text.__vector_12
                0x00000814       0x48 MCAL_Layer/Interrupt/mcal_interrupt_manger.o
                0x00000814                __vector_12
 .text.__vector_10
                0x0000085c       0x48 MCAL_Layer/Interrupt/mcal_interrupt_manger.o
                0x0000085c                __vector_10
 .text.__vector_11
                0x000008a4       0x48 MCAL_Layer/Interrupt/mcal_interrupt_manger.o
                0x000008a4                __vector_11
 .text.__vector_6
                0x000008ec       0x48 MCAL_Layer/Interrupt/mcal_interrupt_manger.o
                0x000008ec                __vector_6
 .text.__vector_7
                0x00000934       0x48 MCAL_Layer/Interrupt/mcal_interrupt_manger.o
                0x00000934                __vector_7
 .text.__vector_8
                0x0000097c       0x48 MCAL_Layer/Interrupt/mcal_interrupt_manger.o
                0x0000097c                __vector_8
 .text.__vector_9
                0x000009c4       0x48 MCAL_Layer/Interrupt/mcal_interrupt_manger.o
                0x000009c4                __vector_9
 .text.SPI_Interrupt_Init
                0x00000a0c       0x1e MCAL_Layer/SPI/hal_spi.o
 .text.Clock_Polarity_Clock_Phase_Select
                0x00000a2a       0x4e MCAL_Layer/SPI/hal_spi.o
 .text.SPI_Master_Mode_Configurations
                0x00000a78       0xc4 MCAL_Layer/SPI/hal_spi.o
 .text.SPI_Slave_Mode_Configurations
                0x00000b3c       0x24 MCAL_Layer/SPI/hal_spi.o
 .text.SPI_Init
                0x00000b60       0x4c MCAL_Layer/SPI/hal_spi.o
                0x00000b60                SPI_Init
 .text.SPI_ISR  0x00000bac       0x16 MCAL_Layer/SPI/hal_spi.o
                0x00000bac                SPI_ISR
 .text.TMR0_Compare_ISR
                0x00000bc2       0x16 MCAL_Layer/Timer0/hal_timer0.o
                0x00000bc2                TMR0_Compare_ISR
 .text.TMR0_OverFlow_ISR
                0x00000bd8       0x1c MCAL_Layer/Timer0/hal_timer0.o
                0x00000bd8                TMR0_OverFlow_ISR
 .text.TMR1_Capture_ISR
                0x00000bf4       0x2a MCAL_Layer/Timer1/hal_timer1.o
                0x00000bf4                TMR1_Capture_ISR
 .text.TMR1_CompareA_ISR
                0x00000c1e       0x2a MCAL_Layer/Timer1/hal_timer1.o
                0x00000c1e                TMR1_CompareA_ISR
 .text.TMR1_CompareB_ISR
                0x00000c48       0x2a MCAL_Layer/Timer1/hal_timer1.o
                0x00000c48                TMR1_CompareB_ISR
 .text.TMR1_OverFlow_ISR
                0x00000c72       0x16 MCAL_Layer/Timer1/hal_timer1.o
                0x00000c72                TMR1_OverFlow_ISR
 .text.EUSART_TX_ISR
                0x00000c88       0x16 MCAL_Layer/USART/hal_usart.o
                0x00000c88                EUSART_TX_ISR
 .text.EUSART_RX_ISR
                0x00000c9e       0x2c MCAL_Layer/USART/hal_usart.o
                0x00000c9e                EUSART_RX_ISR
                0x00000cca                . = ALIGN (0x2)
 *(.fini9)
 .fini9         0x00000cca        0x0 c:/program files (x86)/atmel/studio/7.0/toolchain/avr8/avr8-gnu-toolchain/bin/../lib/gcc/avr/5.4.0/avr5\libgcc.a(_exit.o)
                0x00000cca                _exit
                0x00000cca                exit
 *(.fini9)
 *(.fini8)
 *(.fini8)
 *(.fini7)
 *(.fini7)
 *(.fini6)
 *(.fini6)
 *(.fini5)
 *(.fini5)
 *(.fini4)
 *(.fini4)
 *(.fini3)
 *(.fini3)
 *(.fini2)
 *(.fini2)
 *(.fini1)
 *(.fini1)
 *(.fini0)
 .fini0         0x00000cca        0x4 c:/program files (x86)/atmel/studio/7.0/toolchain/avr8/avr8-gnu-toolchain/bin/../lib/gcc/avr/5.4.0/avr5\libgcc.a(_exit.o)
 *(.fini0)
                0x00000cce                _etext = .

.data           0x00800060       0x1c load address 0x00000cce
                0x00800060                PROVIDE (__data_start, .)
 *(.data)
 *(.data*)
 .data.led1     0x00800060        0x1 application.o
                0x00800060                led1
 .data.rx_address
                0x00800061        0x5 application.o
                0x00800061                rx_address
 .data.CSN_PIN  0x00800066        0x1 ECU_Layer/nRF24L01/ecu_nRF24L01.o
 .data.CE_PIN   0x00800067        0x1 ECU_Layer/nRF24L01/ecu_nRF24L01.o
 .data.SPI_CONFIG
                0x00800068        0x4 ECU_Layer/nRF24L01/ecu_nRF24L01.o
 .data.port_register
                0x0080006c        0x8 MCAL_Layer/GPIO/hal_gpio.o
                0x0080006c                port_register
 .data.ddr_register
                0x00800074        0x8 MCAL_Layer/GPIO/hal_gpio.o
                0x00800074                ddr_register
 *(.gnu.linkonce.d*)
 *(.rodata)
 *(.rodata*)
 *(.gnu.linkonce.r*)
                0x0080007c                . = ALIGN (0x2)
                0x0080007c                _edata = .
                0x0080007c                PROVIDE (__data_end, .)

.bss            0x0080007c       0x48
                0x0080007c                PROVIDE (__bss_start, .)
 *(.bss)
 *(.bss*)
 .bss.payload_len
                0x0080007c        0x1 ECU_Layer/nRF24L01/ecu_nRF24L01.o
 .bss.ADC_InterruptHandler
                0x0080007d        0x2 MCAL_Layer/ADC/hal_adc.o
 .bss.I2C_DefaultInterruptHandle
                0x0080007f        0x2 MCAL_Layer/I2C/hal_i2c.o
 .bss.INT2_InterruptHandler
                0x00800081        0x2 MCAL_Layer/Interrupt/mcal_external_interrupt.o
 .bss.INT1_InterruptHandler
                0x00800083        0x2 MCAL_Layer/Interrupt/mcal_external_interrupt.o
 .bss.INT0_InterruptHandler
                0x00800085        0x2 MCAL_Layer/Interrupt/mcal_external_interrupt.o
 .bss.SPI_InterruptHandler
                0x00800087        0x2 MCAL_Layer/SPI/hal_spi.o
 .bss.timer0_preload_value
                0x00800089        0x1 MCAL_Layer/Timer0/hal_timer0.o
 .bss.TMR0_OverFlow_InterruptHandler
                0x0080008a        0x2 MCAL_Layer/Timer0/hal_timer0.o
 .bss.TMR0_Compare_InterruptHandler
                0x0080008c        0x2 MCAL_Layer/Timer0/hal_timer0.o
 .bss.compareB_value
                0x0080008e        0x2 MCAL_Layer/Timer1/hal_timer1.o
 .bss.compareA_value
                0x00800090        0x2 MCAL_Layer/Timer1/hal_timer1.o
 .bss.capture_value
                0x00800092        0x2 MCAL_Layer/Timer1/hal_timer1.o
 .bss.TMR1_OverFlow_InterruptHandler
                0x00800094        0x2 MCAL_Layer/Timer1/hal_timer1.o
 .bss.TMR1_CompareB_InterruptHandler
                0x00800096        0x2 MCAL_Layer/Timer1/hal_timer1.o
 .bss.TMR1_CompareA_InterruptHandler
                0x00800098        0x2 MCAL_Layer/Timer1/hal_timer1.o
 .bss.TMR1_Capture_InterruptHandler
                0x0080009a        0x2 MCAL_Layer/Timer1/hal_timer1.o
 .bss.EUSART_OverrunErrorHandler
                0x0080009c        0x2 MCAL_Layer/USART/hal_usart.o
 .bss.EUSART_FramingErrorHandler
                0x0080009e        0x2 MCAL_Layer/USART/hal_usart.o
 .bss.EUSART_RxInterruptHandler
                0x008000a0        0x2 MCAL_Layer/USART/hal_usart.o
 .bss.EUSART_TxInterruptHandler
                0x008000a2        0x2 MCAL_Layer/USART/hal_usart.o
 *(COMMON)
 COMMON         0x008000a4       0x20 application.o
                0x008000a4                rx_payload
                0x008000c4                PROVIDE (__bss_end, .)
                0x00000cce                __data_load_start = LOADADDR (.data)
                0x00000cea                __data_load_end = (__data_load_start + SIZEOF (.data))

.noinit         0x008000c4        0x0
                [!provide]                PROVIDE (__noinit_start, .)
 *(.noinit*)
                [!provide]                PROVIDE (__noinit_end, .)
                0x008000c4                _end = .
                [!provide]                PROVIDE (__heap_start, .)

.eeprom         0x00810000        0x0
 *(.eeprom*)
                0x00810000                __eeprom_end = .

.fuse
 *(.fuse)
 *(.lfuse)
 *(.hfuse)
 *(.efuse)

.lock
 *(.lock*)

.signature
 *(.signature*)

.user_signatures
 *(.user_signatures*)

.stab
 *(.stab)

.stabstr
 *(.stabstr)

.stab.excl
 *(.stab.excl)

.stab.exclstr
 *(.stab.exclstr)

.stab.index
 *(.stab.index)

.stab.indexstr
 *(.stab.indexstr)

.comment        0x00000000       0x30
 *(.comment)
 .comment       0x00000000       0x30 application.o
                                 0x31 (size before relaxing)
 .comment       0x00000030       0x31 ECU_Layer/LED/ecu_led.o
 .comment       0x00000030       0x31 ECU_Layer/nRF24L01/ecu_nRF24L01.o
 .comment       0x00000030       0x31 MCAL_Layer/ADC/hal_adc.o
 .comment       0x00000030       0x31 MCAL_Layer/GPIO/hal_gpio.o
 .comment       0x00000030       0x31 MCAL_Layer/I2C/hal_i2c.o
 .comment       0x00000030       0x31 MCAL_Layer/Interrupt/mcal_external_interrupt.o
 .comment       0x00000030       0x31 MCAL_Layer/Interrupt/mcal_interrupt_manger.o
 .comment       0x00000030       0x31 MCAL_Layer/SPI/hal_spi.o
 .comment       0x00000030       0x31 MCAL_Layer/Timer0/hal_timer0.o
 .comment       0x00000030       0x31 MCAL_Layer/Timer1/hal_timer1.o
 .comment       0x00000030       0x31 MCAL_Layer/USART/hal_usart.o

.note.gnu.avr.deviceinfo
                0x00000000       0x3c
 .note.gnu.avr.deviceinfo
                0x00000000       0x3c C:/Program Files (x86)/Atmel/Studio/7.0/Packs/atmel/ATmega_DFP/1.7.374/gcc/dev/atmega32a/avr5/crtatmega32a.o

.note.gnu.build-id
 *(.note.gnu.build-id)

.debug
 *(.debug)

.line
 *(.line)

.debug_srcinfo
 *(.debug_srcinfo)

.debug_sfnames
 *(.debug_sfnames)

.debug_aranges  0x00000000      0x520
 *(.debug_aranges)
 .debug_aranges
                0x00000000       0x28 application.o
 .debug_aranges
                0x00000028       0x38 ECU_Layer/LED/ecu_led.o
 .debug_aranges
                0x00000060       0xd0 ECU_Layer/nRF24L01/ecu_nRF24L01.o
 .debug_aranges
                0x00000130       0x60 MCAL_Layer/ADC/hal_adc.o
 .debug_aranges
                0x00000190       0x68 MCAL_Layer/GPIO/hal_gpio.o
 .debug_aranges
                0x000001f8       0x80 MCAL_Layer/I2C/hal_i2c.o
 .debug_aranges
                0x00000278       0x88 MCAL_Layer/Interrupt/mcal_external_interrupt.o
 .debug_aranges
                0x00000300       0x88 MCAL_Layer/Interrupt/mcal_interrupt_manger.o
 .debug_aranges
                0x00000388       0x60 MCAL_Layer/SPI/hal_spi.o
 .debug_aranges
                0x000003e8       0x60 MCAL_Layer/Timer0/hal_timer0.o
 .debug_aranges
                0x00000448       0x60 MCAL_Layer/Timer1/hal_timer1.o
 .debug_aranges
                0x000004a8       0x78 MCAL_Layer/USART/hal_usart.o

.debug_pubnames
 *(.debug_pubnames)

.debug_info     0x00000000     0x4ea3
 *(.debug_info .gnu.linkonce.wi.*)
 .debug_info    0x00000000      0x4e6 C:/Program Files (x86)/Atmel/Studio/7.0/Packs/atmel/ATmega_DFP/1.7.374/gcc/dev/atmega32a/avr5/crtatmega32a.o
 .debug_info    0x000004e6      0x399 application.o
 .debug_info    0x0000087f      0x342 ECU_Layer/LED/ecu_led.o
 .debug_info    0x00000bc1     0x1141 ECU_Layer/nRF24L01/ecu_nRF24L01.o
 .debug_info    0x00001d02      0x633 MCAL_Layer/ADC/hal_adc.o
 .debug_info    0x00002335      0x4ca MCAL_Layer/GPIO/hal_gpio.o
 .debug_info    0x000027ff      0x50d MCAL_Layer/I2C/hal_i2c.o
 .debug_info    0x00002d0c      0x5b0 MCAL_Layer/Interrupt/mcal_external_interrupt.o
 .debug_info    0x000032bc      0x325 MCAL_Layer/Interrupt/mcal_interrupt_manger.o
 .debug_info    0x000035e1      0x53e MCAL_Layer/SPI/hal_spi.o
 .debug_info    0x00003b1f      0x5f9 MCAL_Layer/Timer0/hal_timer0.o
 .debug_info    0x00004118      0x776 MCAL_Layer/Timer1/hal_timer1.o
 .debug_info    0x0000488e      0x615 MCAL_Layer/USART/hal_usart.o

.debug_abbrev   0x00000000     0x189a
 *(.debug_abbrev)
 .debug_abbrev  0x00000000      0x4a3 C:/Program Files (x86)/Atmel/Studio/7.0/Packs/atmel/ATmega_DFP/1.7.374/gcc/dev/atmega32a/avr5/crtatmega32a.o
 .debug_abbrev  0x000004a3      0x1b4 application.o
 .debug_abbrev  0x00000657      0x113 ECU_Layer/LED/ecu_led.o
 .debug_abbrev  0x0000076a      0x2a7 ECU_Layer/nRF24L01/ecu_nRF24L01.o
 .debug_abbrev  0x00000a11      0x1bd MCAL_Layer/ADC/hal_adc.o
 .debug_abbrev  0x00000bce      0x14b MCAL_Layer/GPIO/hal_gpio.o
 .debug_abbrev  0x00000d19      0x1a8 MCAL_Layer/I2C/hal_i2c.o
 .debug_abbrev  0x00000ec1      0x1be MCAL_Layer/Interrupt/mcal_external_interrupt.o
 .debug_abbrev  0x0000107f       0x63 MCAL_Layer/Interrupt/mcal_interrupt_manger.o
 .debug_abbrev  0x000010e2      0x1a0 MCAL_Layer/SPI/hal_spi.o
 .debug_abbrev  0x00001282      0x1d2 MCAL_Layer/Timer0/hal_timer0.o
 .debug_abbrev  0x00001454      0x1c3 MCAL_Layer/Timer1/hal_timer1.o
 .debug_abbrev  0x00001617      0x283 MCAL_Layer/USART/hal_usart.o

.debug_line     0x00000000     0x30b1
 *(.debug_line .debug_line.* .debug_line_end)
 .debug_line    0x00000000      0x116 C:/Program Files (x86)/Atmel/Studio/7.0/Packs/atmel/ATmega_DFP/1.7.374/gcc/dev/atmega32a/avr5/crtatmega32a.o
 .debug_line    0x00000116      0x1ea application.o
 .debug_line    0x00000300      0x1aa ECU_Layer/LED/ecu_led.o
 .debug_line    0x000004aa      0x58c ECU_Layer/nRF24L01/ecu_nRF24L01.o
 .debug_line    0x00000a36      0x611 MCAL_Layer/ADC/hal_adc.o
 .debug_line    0x00001047      0x379 MCAL_Layer/GPIO/hal_gpio.o
 .debug_line    0x000013c0      0x4b4 MCAL_Layer/I2C/hal_i2c.o
 .debug_line    0x00001874      0x4c4 MCAL_Layer/Interrupt/mcal_external_interrupt.o
 .debug_line    0x00001d38      0x1f6 MCAL_Layer/Interrupt/mcal_interrupt_manger.o
 .debug_line    0x00001f2e      0x37c MCAL_Layer/SPI/hal_spi.o
 .debug_line    0x000022aa      0x470 MCAL_Layer/Timer0/hal_timer0.o
 .debug_line    0x0000271a      0x588 MCAL_Layer/Timer1/hal_timer1.o
 .debug_line    0x00002ca2      0x40f MCAL_Layer/USART/hal_usart.o

.debug_frame    0x00000000      0xef4
 *(.debug_frame)
 .debug_frame   0x00000000       0x34 application.o
 .debug_frame   0x00000034       0x94 ECU_Layer/LED/ecu_led.o
 .debug_frame   0x000000c8      0x254 ECU_Layer/nRF24L01/ecu_nRF24L01.o
 .debug_frame   0x0000031c       0xc4 MCAL_Layer/ADC/hal_adc.o
 .debug_frame   0x000003e0       0xc0 MCAL_Layer/GPIO/hal_gpio.o
 .debug_frame   0x000004a0       0xf0 MCAL_Layer/I2C/hal_i2c.o
 .debug_frame   0x00000590      0x104 MCAL_Layer/Interrupt/mcal_external_interrupt.o
 .debug_frame   0x00000694      0x4e4 MCAL_Layer/Interrupt/mcal_interrupt_manger.o
 .debug_frame   0x00000b78       0xdc MCAL_Layer/SPI/hal_spi.o
 .debug_frame   0x00000c54       0xc0 MCAL_Layer/Timer0/hal_timer0.o
 .debug_frame   0x00000d14       0xc0 MCAL_Layer/Timer1/hal_timer1.o
 .debug_frame   0x00000dd4      0x120 MCAL_Layer/USART/hal_usart.o

.debug_str      0x00000000     0x1f6b
 *(.debug_str)
 .debug_str     0x00000000      0x196 C:/Program Files (x86)/Atmel/Studio/7.0/Packs/atmel/ATmega_DFP/1.7.374/gcc/dev/atmega32a/avr5/crtatmega32a.o
 .debug_str     0x00000196      0x2e3 application.o
                                0x327 (size before relaxing)
 .debug_str     0x00000479       0xe1 ECU_Layer/LED/ecu_led.o
                                0x278 (size before relaxing)
 .debug_str     0x0000055a      0x295 ECU_Layer/nRF24L01/ecu_nRF24L01.o
                                0x567 (size before relaxing)
 .debug_str     0x000007ef      0x3ee MCAL_Layer/ADC/hal_adc.o
                                0x563 (size before relaxing)
 .debug_str     0x00000bdd      0x105 MCAL_Layer/GPIO/hal_gpio.o
                                0x377 (size before relaxing)
 .debug_str     0x00000ce2      0x209 MCAL_Layer/I2C/hal_i2c.o
                                0x376 (size before relaxing)
 .debug_str     0x00000eeb      0x278 MCAL_Layer/Interrupt/mcal_external_interrupt.o
                                0x43a (size before relaxing)
 .debug_str     0x00001163      0x15f MCAL_Layer/Interrupt/mcal_interrupt_manger.o
                                0x2da (size before relaxing)
 .debug_str     0x000012c2       0xdd MCAL_Layer/SPI/hal_spi.o
                                0x3d6 (size before relaxing)
 .debug_str     0x0000139f      0x29f MCAL_Layer/Timer0/hal_timer0.o
                                0x5fe (size before relaxing)
 .debug_str     0x0000163e      0x5b5 MCAL_Layer/Timer1/hal_timer1.o
                                0x8aa (size before relaxing)
 .debug_str     0x00001bf3      0x378 MCAL_Layer/USART/hal_usart.o
                                0x567 (size before relaxing)

.debug_loc      0x00000000     0x3b2d
 *(.debug_loc)
 .debug_loc     0x00000000       0x14 application.o
 .debug_loc     0x00000014      0x348 ECU_Layer/LED/ecu_led.o
 .debug_loc     0x0000035c      0x7fb ECU_Layer/nRF24L01/ecu_nRF24L01.o
 .debug_loc     0x00000b57      0x5d0 MCAL_Layer/ADC/hal_adc.o
 .debug_loc     0x00001127      0x496 MCAL_Layer/GPIO/hal_gpio.o
 .debug_loc     0x000015bd      0x516 MCAL_Layer/I2C/hal_i2c.o
 .debug_loc     0x00001ad3      0x670 MCAL_Layer/Interrupt/mcal_external_interrupt.o
 .debug_loc     0x00002143      0xb1a MCAL_Layer/Interrupt/mcal_interrupt_manger.o
 .debug_loc     0x00002c5d      0x35b MCAL_Layer/SPI/hal_spi.o
 .debug_loc     0x00002fb8      0x37e MCAL_Layer/Timer0/hal_timer0.o
 .debug_loc     0x00003336      0x28b MCAL_Layer/Timer1/hal_timer1.o
 .debug_loc     0x000035c1      0x56c MCAL_Layer/USART/hal_usart.o

.debug_macinfo
 *(.debug_macinfo)

.debug_weaknames
 *(.debug_weaknames)

.debug_funcnames
 *(.debug_funcnames)

.debug_typenames
 *(.debug_typenames)

.debug_varnames
 *(.debug_varnames)

.debug_pubtypes
 *(.debug_pubtypes)

.debug_ranges   0x00000000      0x4a8
 *(.debug_ranges)
 .debug_ranges  0x00000000       0x18 application.o
 .debug_ranges  0x00000018       0x28 ECU_Layer/LED/ecu_led.o
 .debug_ranges  0x00000040       0xc0 ECU_Layer/nRF24L01/ecu_nRF24L01.o
 .debug_ranges  0x00000100       0x98 MCAL_Layer/ADC/hal_adc.o
 .debug_ranges  0x00000198       0x58 MCAL_Layer/GPIO/hal_gpio.o
 .debug_ranges  0x000001f0       0x70 MCAL_Layer/I2C/hal_i2c.o
 .debug_ranges  0x00000260       0x78 MCAL_Layer/Interrupt/mcal_external_interrupt.o
 .debug_ranges  0x000002d8       0x78 MCAL_Layer/Interrupt/mcal_interrupt_manger.o
 .debug_ranges  0x00000350       0x50 MCAL_Layer/SPI/hal_spi.o
 .debug_ranges  0x000003a0       0x50 MCAL_Layer/Timer0/hal_timer0.o
 .debug_ranges  0x000003f0       0x50 MCAL_Layer/Timer1/hal_timer1.o
 .debug_ranges  0x00000440       0x68 MCAL_Layer/USART/hal_usart.o

.debug_macro
 *(.debug_macro)
OUTPUT(AVR.elf elf32-avr)
LOAD linker stubs
