Archive member included to satisfy reference by file (symbol)

c:/program files (x86)/atmel/studio/7.0/toolchain/avr8/avr8-gnu-toolchain/bin/../lib/gcc/avr/5.4.0/../../../../avr/lib/avr5\libm.a(addsf3.o)
                              ECU_Layer/Chr_LCD/ecu_chr_lcd.o (__subsf3)
c:/program files (x86)/atmel/studio/7.0/toolchain/avr8/avr8-gnu-toolchain/bin/../lib/gcc/avr/5.4.0/../../../../avr/lib/avr5\libm.a(addsf3x.o)
                              c:/program files (x86)/atmel/studio/7.0/toolchain/avr8/avr8-gnu-toolchain/bin/../lib/gcc/avr/5.4.0/../../../../avr/lib/avr5\libm.a(addsf3.o) (__addsf3x)
c:/program files (x86)/atmel/studio/7.0/toolchain/avr8/avr8-gnu-toolchain/bin/../lib/gcc/avr/5.4.0/../../../../avr/lib/avr5\libm.a(divsf3.o)
                              Services_Layer/LDR/LDR_interface.o (__divsf3)
c:/program files (x86)/atmel/studio/7.0/toolchain/avr8/avr8-gnu-toolchain/bin/../lib/gcc/avr/5.4.0/../../../../avr/lib/avr5\libm.a(divsf3x.o)
                              c:/program files (x86)/atmel/studio/7.0/toolchain/avr8/avr8-gnu-toolchain/bin/../lib/gcc/avr/5.4.0/../../../../avr/lib/avr5\libm.a(divsf3.o) (__divsf3x)
c:/program files (x86)/atmel/studio/7.0/toolchain/avr8/avr8-gnu-toolchain/bin/../lib/gcc/avr/5.4.0/../../../../avr/lib/avr5\libm.a(fixsfsi.o)
                              ECU_Layer/Chr_LCD/ecu_chr_lcd.o (__fixsfsi)
c:/program files (x86)/atmel/studio/7.0/toolchain/avr8/avr8-gnu-toolchain/bin/../lib/gcc/avr/5.4.0/../../../../avr/lib/avr5\libm.a(fixunssfsi.o)
                              ECU_Layer/Chr_LCD/ecu_chr_lcd.o (__fixunssfsi)
c:/program files (x86)/atmel/studio/7.0/toolchain/avr8/avr8-gnu-toolchain/bin/../lib/gcc/avr/5.4.0/../../../../avr/lib/avr5\libm.a(floatsisf.o)
                              Services_Layer/LDR/LDR_interface.o (__floatunsisf)
c:/program files (x86)/atmel/studio/7.0/toolchain/avr8/avr8-gnu-toolchain/bin/../lib/gcc/avr/5.4.0/../../../../avr/lib/avr5\libm.a(fp_inf.o)
                              c:/program files (x86)/atmel/studio/7.0/toolchain/avr8/avr8-gnu-toolchain/bin/../lib/gcc/avr/5.4.0/../../../../avr/lib/avr5\libm.a(addsf3x.o) (__fp_inf)
c:/program files (x86)/atmel/studio/7.0/toolchain/avr8/avr8-gnu-toolchain/bin/../lib/gcc/avr/5.4.0/../../../../avr/lib/avr5\libm.a(fp_nan.o)
                              c:/program files (x86)/atmel/studio/7.0/toolchain/avr8/avr8-gnu-toolchain/bin/../lib/gcc/avr/5.4.0/../../../../avr/lib/avr5\libm.a(addsf3x.o) (__fp_nan)
c:/program files (x86)/atmel/studio/7.0/toolchain/avr8/avr8-gnu-toolchain/bin/../lib/gcc/avr/5.4.0/../../../../avr/lib/avr5\libm.a(fp_pscA.o)
                              c:/program files (x86)/atmel/studio/7.0/toolchain/avr8/avr8-gnu-toolchain/bin/../lib/gcc/avr/5.4.0/../../../../avr/lib/avr5\libm.a(addsf3x.o) (__fp_pscA)
c:/program files (x86)/atmel/studio/7.0/toolchain/avr8/avr8-gnu-toolchain/bin/../lib/gcc/avr/5.4.0/../../../../avr/lib/avr5\libm.a(fp_pscB.o)
                              c:/program files (x86)/atmel/studio/7.0/toolchain/avr8/avr8-gnu-toolchain/bin/../lib/gcc/avr/5.4.0/../../../../avr/lib/avr5\libm.a(addsf3x.o) (__fp_pscB)
c:/program files (x86)/atmel/studio/7.0/toolchain/avr8/avr8-gnu-toolchain/bin/../lib/gcc/avr/5.4.0/../../../../avr/lib/avr5\libm.a(fp_round.o)
                              c:/program files (x86)/atmel/studio/7.0/toolchain/avr8/avr8-gnu-toolchain/bin/../lib/gcc/avr/5.4.0/../../../../avr/lib/avr5\libm.a(addsf3.o) (__fp_round)
c:/program files (x86)/atmel/studio/7.0/toolchain/avr8/avr8-gnu-toolchain/bin/../lib/gcc/avr/5.4.0/../../../../avr/lib/avr5\libm.a(fp_split3.o)
                              c:/program files (x86)/atmel/studio/7.0/toolchain/avr8/avr8-gnu-toolchain/bin/../lib/gcc/avr/5.4.0/../../../../avr/lib/avr5\libm.a(addsf3x.o) (__fp_split3)
c:/program files (x86)/atmel/studio/7.0/toolchain/avr8/avr8-gnu-toolchain/bin/../lib/gcc/avr/5.4.0/../../../../avr/lib/avr5\libm.a(fp_zero.o)
                              c:/program files (x86)/atmel/studio/7.0/toolchain/avr8/avr8-gnu-toolchain/bin/../lib/gcc/avr/5.4.0/../../../../avr/lib/avr5\libm.a(addsf3x.o) (__fp_zero)
c:/program files (x86)/atmel/studio/7.0/toolchain/avr8/avr8-gnu-toolchain/bin/../lib/gcc/avr/5.4.0/../../../../avr/lib/avr5\libm.a(mulsf3.o)
                              ECU_Layer/Chr_LCD/ecu_chr_lcd.o (__mulsf3)
c:/program files (x86)/atmel/studio/7.0/toolchain/avr8/avr8-gnu-toolchain/bin/../lib/gcc/avr/5.4.0/../../../../avr/lib/avr5\libm.a(mulsf3x.o)
                              c:/program files (x86)/atmel/studio/7.0/toolchain/avr8/avr8-gnu-toolchain/bin/../lib/gcc/avr/5.4.0/../../../../avr/lib/avr5\libm.a(mulsf3.o) (__mulsf3x)
c:/program files (x86)/atmel/studio/7.0/toolchain/avr8/avr8-gnu-toolchain/bin/../lib/gcc/avr/5.4.0/avr5\libgcc.a(_divmodhi4.o)
                              ECU_Layer/Chr_LCD/ecu_chr_lcd.o (__divmodhi4)
c:/program files (x86)/atmel/studio/7.0/toolchain/avr8/avr8-gnu-toolchain/bin/../lib/gcc/avr/5.4.0/avr5\libgcc.a(_udivmodsi4.o)
[...]
Memory Configuration

Name             Origin             Length             Attributes
text             0x00000000         0x00008000         xr
data             0x00800060         0x00000800         rw !x
eeprom           0x00810000         0x00000400         rw !x
fuse             0x00820000         0x00000002         rw !x
lock             0x00830000         0x00000400         rw !x
signature        0x00840000         0x00000400         rw !x
user_signatures  0x00850000         0x00000400         rw !x
*default*        0x00000000         0xffffffff

Linker script and memory map

LOAD C:/Program Files (x86)/Atmel/Studio/7.0/Packs/atmel/ATmega_DFP/1.7.374/gcc/dev/atmega32a/avr5/crtatmega32a.o
LOAD application.o
LOAD ECU_Layer/Button/ecu_button.o
LOAD ECU_Layer/Chr_LCD/ecu_chr_lcd.o
LOAD ECU_Layer/DC_Motor/ecu_dc_motor.o
LOAD ECU_Layer/Keypad/ecu_keypad.o
LOAD ECU_Layer/LED/ecu_led.o
LOAD ECU_Layer/nRF24L01/ecu_nRF24L01.o
LOAD ECU_Layer/Relay/ecu_relay.o
LOAD ECU_Layer/Seven_Segment/ecu_seven_seg.o
LOAD MCAL_Layer/ADC/hal_adc.o
LOAD MCAL_Layer/device_config.o
LOAD MCAL_Layer/EEPROM/hal_eeprom.o
LOAD MCAL_Layer/GPIO/hal_gpio.o
LOAD MCAL_Layer/I2C/hal_i2c.o
LOAD MCAL_Layer/Interrupt/mcal_internal_interrupt.o
LOAD MCAL_Layer/Interrupt/mcal_external_interrupt.o
LOAD MCAL_Layer/Interrupt/mcal_interrupt_manger.o
LOAD MCAL_Layer/SPI/hal_spi.o
LOAD MCAL_Layer/Timer0/hal_timer0.o
LOAD MCAL_Layer/Timer1/hal_timer1.o
LOAD MCAL_Layer/USART/hal_usart.o
LOAD Services_Layer/LDR/LDR_interface.o
LOAD Services_Layer/Lighting_ECU/lighting_interface.o
START GROUP
LOAD c:/program files (x86)/atmel/studio/7.0/toolchain/avr8/avr8-gnu-toolchain/bin/../lib/gcc/avr/5.4.0/../../../../avr/lib/avr5\libm.a
END GROUP
START GROUP
LOAD c:/program files (x86)/atmel/studio/7.0/toolchain/avr8/avr8-gnu-toolchain/bin/../lib/gcc/avr/5.4.0/avr5\libgcc.a
LOAD c:/program files (x86)/atmel/studio/7.0/toolchain/avr8/avr8-gnu-toolchain/bin/../lib/gcc/avr/5.4.0/../../../../avr/lib/avr5\libm.a
LOAD c:/program files (x86)/atmel/studio/7.0/toolchain/avr8/avr8-gnu-toolchain/bin/../lib/gcc/avr/5.4.0/../../../../avr/lib/avr5\libc.a
LOAD C:/Program Files (x86)/Atmel/Studio/7.0/Packs/atmel/ATmega_DFP/1.7.374/gcc/dev/atmega32a/avr5\libatmega32a.a
END GROUP
                [0x00000000]                __TEXT_REGION_ORIGIN__ = DEFINED (__TEXT_REGION_ORIGIN__)?__TEXT_REGION_ORIGIN__:0x0
                [0x00800060]                __DATA_REGION_ORIGIN__ = DEFINED (__DATA_REGION_ORIGIN__)?__DATA_REGION_ORIGIN__:0x800060
                [0x00008000]                __TEXT_REGION_LENGTH__ = DEFINED (__TEXT_REGION_LENGTH__)?__TEXT_REGION_LENGTH__:0x20000
                [0x00000800]                __DATA_REGION_LENGTH__ = DEFINED (__DATA_REGION_LENGTH__)?__DATA_REGION_LENGTH__:0xffa0
                [0x00000400]                __EEPROM_REGION_LENGTH__ = DEFINED (__EEPROM_REGION_LENGTH__)?__EEPROM_REGION_LENGTH__:0x10000
                [0x00000002]                __FUSE_REGION_LENGTH__ = DEFINED (__FUSE_REGION_LENGTH__)?__FUSE_REGION_LENGTH__:0x400
                0x00000400                __LOCK_REGION_LENGTH__ = DEFINED (__LOCK_REGION_LENGTH__)?__LOCK_REGION_LENGTH__:0x400
                0x00000400                __SIGNATURE_REGION_LENGTH__ = DEFINED (__SIGNATURE_REGION_LENGTH__)?__SIGNATURE_REGION_LENGTH__:0x400
                0x00000400                __USER_SIGNATURE_REGION_LENGTH__ = DEFINED (__USER_SIGNATURE_REGION_LENGTH__)?__USER_SIGNATURE_REGION_LENGTH__:0x400

.hash
 *(.hash)

.dynsym
 *(.dynsym)

.dynstr
 *(.dynstr)

.gnu.version
 *(.gnu.version)

.gnu.version_d
 *(.gnu.version_d)

.gnu.version_r
 *(.gnu.version_r)

.rel.init
 *(.rel.init)

.rela.init
 *(.rela.init)

.rel.text
 *(.rel.text)
 *(.rel.text.*)
 *(.rel.gnu.linkonce.t*)

.rela.text
 *(.rela.text)
 *(.rela.text.*)
 *(.rela.gnu.linkonce.t*)

.rel.fini
 *(.rel.fini)

.rela.fini
 *(.rela.fini)

.rel.rodata
 *(.rel.rodata)
 *(.rel.rodata.*)
 *(.rel.gnu.linkonce.r*)

.rela.rodata
 *(.rela.rodata)
 *(.rela.rodata.*)
 *(.rela.gnu.linkonce.r*)

.rel.data
 *(.rel.data)
 *(.rel.data.*)
 *(.rel.gnu.linkonce.d*)

.rela.data
 *(.rela.data)
 *(.rela.data.*)
 *(.rela.gnu.linkonce.d*)

.rel.ctors
 *(.rel.ctors)

.rela.ctors
 *(.rela.ctors)

.rel.dtors
 *(.rel.dtors)

.rela.dtors
 *(.rela.dtors)

.rel.got
 *(.rel.got)

.rela.got
 *(.rela.got)

.rel.bss
 *(.rel.bss)

.rela.bss
 *(.rela.bss)

.rel.plt
 *(.rel.plt)

.rela.plt
 *(.rela.plt)

.text           0x00000000      0xfd6
 *(.vectors)
 .vectors       0x00000000       0x54 C:/Program Files (x86)/Atmel/Studio/7.0/Packs/atmel/ATmega_DFP/1.7.374/gcc/dev/atmega32a/avr5/crtatmega32a.o
                0x00000000                __vector_default
                0x00000000                __vectors
 *(.vectors)
 *(.progmem.gcc*)
                0x00000054                . = ALIGN (0x2)
                0x00000054                __trampolines_start = .
 *(.trampolines)
 .trampolines   0x00000054        0x0 linker stubs
 *(.trampolines*)
                0x00000054                __trampolines_end = .
 *libprintf_flt.a:*(.progmem.data)
 *libc.a:*(.progmem.data)
 *(.progmem*)
                0x00000054                . = ALIGN (0x2)
 *(.jumptables)
 *(.jumptables*)
 *(.lowtext)
 *(.lowtext*)
                0x00000054                __ctors_start = .
 *(.ctors)
                0x00000054                __ctors_end = .
                0x00000054                __dtors_start = .
 *(.dtors)
                0x00000054                __dtors_end = .
 SORT(*)(.ctors)
 SORT(*)(.dtors)
 *(.init0)
 .init0         0x00000054        0x0 C:/Program Files (x86)/Atmel/Studio/7.0/Packs/atmel/ATmega_DFP/1.7.374/gcc/dev/atmega32a/avr5/crtatmega32a.o
                0x00000054                __init
 *(.init0)
 *(.init1)
 *(.init1)
 *(.init2)
 .init2         0x00000054        0xc C:/Program Files (x86)/Atmel/Studio/7.0/Packs/atmel/ATmega_DFP/1.7.374/gcc/dev/atmega32a/avr5/crtatmega32a.o
 *(.init2)
 *(.init3)
 *(.init3)
 *(.init4)
 .init4         0x00000060       0x16 c:/program files (x86)/atmel/studio/7.0/toolchain/avr8/avr8-gnu-toolchain/bin/../lib/gcc/avr/5.4.0/avr5\libgcc.a(_copy_data.o)
                0x00000060                __do_copy_data
 .init4         0x00000076       0x10 c:/program files (x86)/atmel/studio/7.0/toolchain/avr8/avr8-gnu-toolchain/bin/../lib/gcc/avr/5.4.0/avr5\libgcc.a(_clear_bss.o)
                0x00000076                __do_clear_bss
 *(.init4)
 *(.init5)
 *(.init5)
 *(.init6)
 *(.init6)
 *(.init7)
 *(.init7)
 *(.init8)
 *(.init8)
 *(.init9)
 .init9         0x00000086        0x8 C:/Program Files (x86)/Atmel/Studio/7.0/Packs/atmel/ATmega_DFP/1.7.374/gcc/dev/atmega32a/avr5/crtatmega32a.o
 *(.init9)
 *(.text)
 .text          0x0000008e        0x4 C:/Program Files (x86)/Atmel/Studio/7.0/Packs/atmel/ATmega_DFP/1.7.374/gcc/dev/atmega32a/avr5/crtatmega32a.o
                0x0000008e                __vector_17
                0x0000008e                __vector_5
                0x0000008e                __vector_4
                0x0000008e                __vector_14
                0x0000008e                __vector_18
                0x0000008e                __vector_20
                0x0000008e                __bad_interrupt
                0x00000092                . = ALIGN (0x2)
 *(.text.*)
 .text.application_intialize
                0x00000092        0xa application.o
                0x00000092                application_intialize
 .text.main     0x0000009c       0x4e application.o
                0x0000009c                main
 .text.lcd_send_4bits
                0x000000ea       0x4c ECU_Layer/Chr_LCD/ecu_chr_lcd.o
 .text.lcd_4bits_send_enable_signle
                0x00000136       0x2e ECU_Layer/Chr_LCD/ecu_chr_lcd.o
 .text.lcd_4bits_send_command
                0x00000164       0x40 ECU_Layer/Chr_LCD/ecu_chr_lcd.o
                0x00000164                lcd_4bits_send_command
 .text.lcd_4bits_intialize
                0x000001a4       0xb6 ECU_Layer/Chr_LCD/ecu_chr_lcd.o
                0x000001a4                lcd_4bits_intialize
 .text.lcd_4bit_set_cursor
                0x0000025a       0x4a ECU_Layer/Chr_LCD/ecu_chr_lcd.o
 .text.lcd_4bits_send_char_data
                0x000002a4       0x40 ECU_Layer/Chr_LCD/ecu_chr_lcd.o
                0x000002a4                lcd_4bits_send_char_data
 .text.lcd_4bits_send_string_pos
                0x000002e4       0x3a ECU_Layer/Chr_LCD/ecu_chr_lcd.o
                0x000002e4                lcd_4bits_send_string_pos
 .text.convert_uint8_to_string
                0x0000031e       0x3a ECU_Layer/Chr_LCD/ecu_chr_lcd.o
                0x0000031e                convert_uint8_to_string
 .text.ADC_ISR  0x00000358       0x16 MCAL_Layer/ADC/hal_adc.o
                0x00000358                ADC_ISR
 .text.gpio_pin_direction_intialize
                0x0000036e       0x82 MCAL_Layer/GPIO/hal_gpio.o
                0x0000036e                gpio_pin_direction_intialize
 .text.gpio_pin_write_logic
                0x000003f0       0x80 MCAL_Layer/GPIO/hal_gpio.o
                0x000003f0                gpio_pin_write_logic
 .text.gpio_pin_intialize
                0x00000470       0x28 MCAL_Layer/GPIO/hal_gpio.o
                0x00000470                gpio_pin_intialize
 .text.I2C_ISR  0x00000498       0x16 MCAL_Layer/I2C/hal_i2c.o
                0x00000498                I2C_ISR
 .text.INT0_ISR
                0x000004ae       0x16 MCAL_Layer/Interrupt/mcal_external_interrupt.o
                0x000004ae                INT0_ISR
 .text.INT1_ISR
                0x000004c4       0x16 MCAL_Layer/Interrupt/mcal_external_interrupt.o
                0x000004c4                INT1_ISR
 .text.INT2_ISR
                0x000004da       0x16 MCAL_Layer/Interrupt/mcal_external_interrupt.o
                0x000004da                INT2_ISR
 .text.__vector_1
                0x000004f0       0x48 MCAL_Layer/Interrupt/mcal_interrupt_manger.o
                0x000004f0                __vector_1
 .text.__vector_2
                0x00000538       0x48 MCAL_Layer/Interrupt/mcal_interrupt_manger.o
                0x00000538                __vector_2
 .text.__vector_3
                0x00000580       0x48 MCAL_Layer/Interrupt/mcal_interrupt_manger.o
                0x00000580                __vector_3
 .text.__vector_16
                0x000005c8       0x48 MCAL_Layer/Interrupt/mcal_interrupt_manger.o
                0x000005c8                __vector_16
 .text.__vector_15
                0x00000610       0x48 MCAL_Layer/Interrupt/mcal_interrupt_manger.o
                0x00000610                __vector_15
 .text.__vector_13
                0x00000658       0x48 MCAL_Layer/Interrupt/mcal_interrupt_manger.o
                0x00000658                __vector_13
 .text.__vector_19
                0x000006a0       0x48 MCAL_Layer/Interrupt/mcal_interrupt_manger.o
                0x000006a0                __vector_19
 .text.__vector_12
                0x000006e8       0x48 MCAL_Layer/Interrupt/mcal_interrupt_manger.o
                0x000006e8                __vector_12
 .text.__vector_10
                0x00000730       0x48 MCAL_Layer/Interrupt/mcal_interrupt_manger.o
                0x00000730                __vector_10
 .text.__vector_11
                0x00000778       0x48 MCAL_Layer/Interrupt/mcal_interrupt_manger.o
                0x00000778                __vector_11
 .text.__vector_6
                0x000007c0       0x48 MCAL_Layer/Interrupt/mcal_interrupt_manger.o
                0x000007c0                __vector_6
 .text.__vector_7
                0x00000808       0x48 MCAL_Layer/Interrupt/mcal_interrupt_manger.o
                0x00000808                __vector_7
 .text.__vector_8
                0x00000850       0x48 MCAL_Layer/Interrupt/mcal_interrupt_manger.o
                0x00000850                __vector_8
 .text.__vector_9
                0x00000898       0x48 MCAL_Layer/Interrupt/mcal_interrupt_manger.o
                0x00000898                __vector_9
 .text.SPI_ISR  0x000008e0       0x16 MCAL_Layer/SPI/hal_spi.o
                0x000008e0                SPI_ISR
 .text.TMR0_Compare_ISR
                0x000008f6       0x16 MCAL_Layer/Timer0/hal_timer0.o
                0x000008f6                TMR0_Compare_ISR
 .text.TMR0_OverFlow_ISR
                0x0000090c       0x1c MCAL_Layer/Timer0/hal_timer0.o
                0x0000090c                TMR0_OverFlow_ISR
 .text.TMR1_Capture_ISR
                0x00000928       0x2a MCAL_Layer/Timer1/hal_timer1.o
                0x00000928                TMR1_Capture_ISR
 .text.TMR1_CompareA_ISR
                0x00000952       0x2a MCAL_Layer/Timer1/hal_timer1.o
                0x00000952                TMR1_CompareA_ISR
 .text.TMR1_CompareB_ISR
                0x0000097c       0x2a MCAL_Layer/Timer1/hal_timer1.o
                0x0000097c                TMR1_CompareB_ISR
 .text.TMR1_OverFlow_ISR
                0x000009a6       0x16 MCAL_Layer/Timer1/hal_timer1.o
                0x000009a6                TMR1_OverFlow_ISR
 .text.EUSART_TX_ISR
                0x000009bc       0x16 MCAL_Layer/USART/hal_usart.o
                0x000009bc                EUSART_TX_ISR
 .text.EUSART_RX_ISR
                0x000009d2       0x2c MCAL_Layer/USART/hal_usart.o
                0x000009d2                EUSART_RX_ISR
 .text.avr-libc
                0x000009fe       0x44 c:/program files (x86)/atmel/studio/7.0/toolchain/avr8/avr8-gnu-toolchain/bin/../lib/gcc/avr/5.4.0/../../../../avr/lib/avr5\libc.a(sprintf.o)
                0x000009fe                sprintf
 .text.avr-libc
                0x00000a42      0x3c2 c:/program files (x86)/atmel/studio/7.0/toolchain/avr8/avr8-gnu-toolchain/bin/../lib/gcc/avr/5.4.0/../../../../avr/lib/avr5\libc.a(vfprintf_std.o)
                0x00000a42                vfprintf
 .text.avr-libc
                0x00000e04       0x16 c:/program files (x86)/atmel/studio/7.0/toolchain/avr8/avr8-gnu-toolchain/bin/../lib/gcc/avr/5.4.0/../../../../avr/lib/avr5\libc.a(strnlen_P.o)
                0x00000e04                strnlen_P
 .text.avr-libc
                0x00000e1a       0x16 c:/program files (x86)/atmel/studio/7.0/toolchain/avr8/avr8-gnu-toolchain/bin/../lib/gcc/avr/5.4.0/../../../../avr/lib/avr5\libc.a(strnlen.o)
                0x00000e1a                strnlen
 .text.avr-libc
                0x00000e30       0x78 c:/program files (x86)/atmel/studio/7.0/toolchain/avr8/avr8-gnu-toolchain/bin/../lib/gcc/avr/5.4.0/../../../../avr/lib/avr5\libc.a(fputc.o)
                0x00000e30                fputc
 .text.avr-libc
                0x00000ea8       0xbc c:/program files (x86)/atmel/studio/7.0/toolchain/avr8/avr8-gnu-toolchain/bin/../lib/gcc/avr/5.4.0/../../../../avr/lib/avr5\libc.a(ultoa_invert.o)
                0x00000ea8                __ultoa_invert
 .text.libgcc.prologue
                0x00000f64       0x38 c:/program files (x86)/atmel/studio/7.0/toolchain/avr8/avr8-gnu-toolchain/bin/../lib/gcc/avr/5.4.0/avr5\libgcc.a(_prologue.o)
                0x00000f64                __prologue_saves__
 .text.libgcc.prologue
                0x00000f9c       0x36 c:/program files (x86)/atmel/studio/7.0/toolchain/avr8/avr8-gnu-toolchain/bin/../lib/gcc/avr/5.4.0/avr5\libgcc.a(_epilogue.o)
                0x00000f9c                __epilogue_restores__
                0x00000fd2                . = ALIGN (0x2)
 *(.fini9)
 .fini9         0x00000fd2        0x0 c:/program files (x86)/atmel/studio/7.0/toolchain/avr8/avr8-gnu-toolchain/bin/../lib/gcc/avr/5.4.0/avr5\libgcc.a(_exit.o)
                0x00000fd2                _exit
                0x00000fd2                exit
 *(.fini9)
 *(.fini8)
 *(.fini8)
 *(.fini7)
 *(.fini7)
 *(.fini6)
 *(.fini6)
 *(.fini5)
 *(.fini5)
 *(.fini4)
 *(.fini4)
 *(.fini3)
 *(.fini3)
 *(.fini2)
 *(.fini2)
 *(.fini1)
 *(.fini1)
 *(.fini0)
 .fini0         0x00000fd2        0x4 c:/program files (x86)/atmel/studio/7.0/toolchain/avr8/avr8-gnu-toolchain/bin/../lib/gcc/avr/5.4.0/avr5\libgcc.a(_exit.o)
 *(.fini0)
                0x00000fd6                _etext = .

.data           0x00800060       0x28 load address 0x00000fd6
                0x00800060                PROVIDE (__data_start, .)
 *(.data)
 *(.data*)
 .data.lcd_1    0x00800060        0x6 application.o
                0x00800060                lcd_1
 .data.port_register
                0x00800066        0x8 MCAL_Layer/GPIO/hal_gpio.o
                0x00800066                port_register
 .data.ddr_register
                0x0080006e        0x8 MCAL_Layer/GPIO/hal_gpio.o
                0x0080006e                ddr_register
 *(.gnu.linkonce.d*)
 *(.rodata)
 *(.rodata*)
 .rodata.str1.1
                0x00800076        0xa application.o
 .rodata.str1.1
                0x00800080        0x7 ECU_Layer/Chr_LCD/ecu_chr_lcd.o
 *(.gnu.linkonce.r*)
                0x00800088                . = ALIGN (0x2)
 *fill*         0x00800087        0x1 
                0x00800088                _edata = .
                0x00800088                PROVIDE (__data_end, .)

.bss            0x00800088       0x2c
                0x00800088                PROVIDE (__bss_start, .)
 *(.bss)
 *(.bss*)
 .bss.lcd_counter
                0x00800088        0x1 application.o
                0x00800088                lcd_counter
 .bss.ADC_InterruptHandler
                0x00800089        0x2 MCAL_Layer/ADC/hal_adc.o
 .bss.I2C_DefaultInterruptHandle
                0x0080008b        0x2 MCAL_Layer/I2C/hal_i2c.o
 .bss.INT2_InterruptHandler
                0x0080008d        0x2 MCAL_Layer/Interrupt/mcal_external_interrupt.o
 .bss.INT1_InterruptHandler
                0x0080008f        0x2 MCAL_Layer/Interrupt/mcal_external_interrupt.o
 .bss.INT0_InterruptHandler
                0x00800091        0x2 MCAL_Layer/Interrupt/mcal_external_interrupt.o
 .bss.SPI_InterruptHandler
                0x00800093        0x2 MCAL_Layer/SPI/hal_spi.o
 .bss.timer0_preload_value
                0x00800095        0x1 MCAL_Layer/Timer0/hal_timer0.o
 .bss.TMR0_OverFlow_InterruptHandler
                0x00800096        0x2 MCAL_Layer/Timer0/hal_timer0.o
 .bss.TMR0_Compare_InterruptHandler
                0x00800098        0x2 MCAL_Layer/Timer0/hal_timer0.o
 .bss.compareB_value
                0x0080009a        0x2 MCAL_Layer/Timer1/hal_timer1.o
 .bss.compareA_value
                0x0080009c        0x2 MCAL_Layer/Timer1/hal_timer1.o
 .bss.capture_value
                0x0080009e        0x2 MCAL_Layer/Timer1/hal_timer1.o
 .bss.TMR1_OverFlow_InterruptHandler
                0x008000a0        0x2 MCAL_Layer/Timer1/hal_timer1.o
 .bss.TMR1_CompareB_InterruptHandler
                0x008000a2        0x2 MCAL_Layer/Timer1/hal_timer1.o
 .bss.TMR1_CompareA_InterruptHandler
                0x008000a4        0x2 MCAL_Layer/Timer1/hal_timer1.o
 .bss.TMR1_Capture_InterruptHandler
                0x008000a6        0x2 MCAL_Layer/Timer1/hal_timer1.o
 .bss.EUSART_OverrunErrorHandler
                0x008000a8        0x2 MCAL_Layer/USART/hal_usart.o
 .bss.EUSART_FramingErrorHandler
                0x008000aa        0x2 MCAL_Layer/USART/hal_usart.o
 .bss.EUSART_RxInterruptHandler
                0x008000ac        0x2 MCAL_Layer/USART/hal_usart.o
 .bss.EUSART_TxInterruptHandler
                0x008000ae        0x2 MCAL_Layer/USART/hal_usart.o
 *(COMMON)
 COMMON         0x008000b0        0x4 application.o
                0x008000b0                lcd_counter_txt
                0x008000b4                PROVIDE (__bss_end, .)
                0x00000fd6                __data_load_start = LOADADDR (.data)
                0x00000ffe                __data_load_end = (__data_load_start + SIZEOF (.data))

.noinit         0x008000b4        0x0
                [!provide]                PROVIDE (__noinit_start, .)
 *(.noinit*)
                [!provide]                PROVIDE (__noinit_end, .)
                0x008000b4                _end = .
                [!provide]                PROVIDE (__heap_start, .)

.eeprom         0x00810000        0x0
 *(.eeprom*)
                0x00810000                __eeprom_end = .

.fuse
 *(.fuse)
 *(.lfuse)
 *(.hfuse)
 *(.efuse)

.lock
 *(.lock*)

.signature
 *(.signature*)

.user_signatures
 *(.user_signatures*)

.stab
 *(.stab)

.stabstr
 *(.stabstr)

.stab.excl
 *(.stab.excl)

.stab.exclstr
 *(.stab.exclstr)

.stab.index
 *(.stab.index)

.stab.indexstr
 *(.stab.indexstr)

.comment        0x00000000       0x5c
 *(.comment)
 .comment       0x00000000       0x30 application.o
                                 0x31 (size before relaxing)
 .comment       0x00000030       0x31 ECU_Layer/Chr_LCD/ecu_chr_lcd.o
 .comment       0x00000030       0x31 MCAL_Layer/ADC/hal_adc.o
 .comment       0x00000030       0x31 MCAL_Layer/GPIO/hal_gpio.o
 .comment       0x00000030       0x31 MCAL_Layer/I2C/hal_i2c.o
 .comment       0x00000030       0x31 MCAL_Layer/Interrupt/mcal_external_interrupt.o
 .comment       0x00000030       0x31 MCAL_Layer/Interrupt/mcal_interrupt_manger.o
 .comment       0x00000030       0x31 MCAL_Layer/SPI/hal_spi.o
 .comment       0x00000030       0x31 MCAL_Layer/Timer0/hal_timer0.o
 .comment       0x00000030       0x31 MCAL_Layer/Timer1/hal_timer1.o
 .comment       0x00000030       0x31 MCAL_Layer/USART/hal_usart.o
 .comment       0x00000030       0x31 c:/program files (x86)/atmel/studio/7.0/toolchain/avr8/avr8-gnu-toolchain/bin/../lib/gcc/avr/5.4.0/../../../../avr/lib/avr5\libc.a(sprintf.o)
 .comment       0x00000030       0x2c c:/program files (x86)/atmel/studio/7.0/toolchain/avr8/avr8-gnu-toolchain/bin/../lib/gcc/avr/5.4.0/../../../../avr/lib/avr5\libc.a(vfprintf_std.o)
                                 0x2d (size before relaxing)
 .comment       0x0000005c       0x31 c:/program files (x86)/atmel/studio/7.0/toolchain/avr8/avr8-gnu-toolchain/bin/../lib/gcc/avr/5.4.0/../../../../avr/lib/avr5\libc.a(fputc.o)

.note.gnu.avr.deviceinfo
                0x00000000       0x3c
 .note.gnu.avr.deviceinfo
                0x00000000       0x3c C:/Program Files (x86)/Atmel/Studio/7.0/Packs/atmel/ATmega_DFP/1.7.374/gcc/dev/atmega32a/avr5/crtatmega32a.o

.note.gnu.build-id
 *(.note.gnu.build-id)

.debug
 *(.debug)

.line
 *(.line)

.debug_srcinfo
 *(.debug_srcinfo)

.debug_sfnames
 *(.debug_sfnames)

.debug_aranges  0x00000000      0x4e8
 *(.debug_aranges)
 .debug_aranges
                0x00000000       0x28 application.o
 .debug_aranges
                0x00000028       0xd0 ECU_Layer/Chr_LCD/ecu_chr_lcd.o
 .debug_aranges
                0x000000f8       0x60 MCAL_Layer/ADC/hal_adc.o
 .debug_aranges
                0x00000158       0x68 MCAL_Layer/GPIO/hal_gpio.o
 .debug_aranges
                0x000001c0       0x80 MCAL_Layer/I2C/hal_i2c.o
 .debug_aranges
                0x00000240       0x88 MCAL_Layer/Interrupt/mcal_external_interrupt.o
 .debug_aranges
                0x000002c8       0x88 MCAL_Layer/Interrupt/mcal_interrupt_manger.o
 .debug_aranges
                0x00000350       0x60 MCAL_Layer/SPI/hal_spi.o
 .debug_aranges
                0x000003b0       0x60 MCAL_Layer/Timer0/hal_timer0.o
 .debug_aranges
                0x00000410       0x60 MCAL_Layer/Timer1/hal_timer1.o
 .debug_aranges
                0x00000470       0x78 MCAL_Layer/USART/hal_usart.o

.debug_pubnames
 *(.debug_pubnames)

.debug_info     0x00000000     0x500e
 *(.debug_info .gnu.linkonce.wi.*)
 .debug_info    0x00000000      0x4e6 C:/Program Files (x86)/Atmel/Studio/7.0/Packs/atmel/ATmega_DFP/1.7.374/gcc/dev/atmega32a/avr5/crtatmega32a.o
 .debug_info    0x000004e6      0x3bb application.o
 .debug_info    0x000008a1     0x15cc ECU_Layer/Chr_LCD/ecu_chr_lcd.o
 .debug_info    0x00001e6d      0x633 MCAL_Layer/ADC/hal_adc.o
 .debug_info    0x000024a0      0x4ca MCAL_Layer/GPIO/hal_gpio.o
 .debug_info    0x0000296a      0x50d MCAL_Layer/I2C/hal_i2c.o
 .debug_info    0x00002e77      0x5b0 MCAL_Layer/Interrupt/mcal_external_interrupt.o
 .debug_info    0x00003427      0x325 MCAL_Layer/Interrupt/mcal_interrupt_manger.o
 .debug_info    0x0000374c      0x53e MCAL_Layer/SPI/hal_spi.o
 .debug_info    0x00003c8a      0x5f9 MCAL_Layer/Timer0/hal_timer0.o
 .debug_info    0x00004283      0x776 MCAL_Layer/Timer1/hal_timer1.o
 .debug_info    0x000049f9      0x615 MCAL_Layer/USART/hal_usart.o

.debug_abbrev   0x00000000     0x17ad
 *(.debug_abbrev)
 .debug_abbrev  0x00000000      0x4a3 C:/Program Files (x86)/Atmel/Studio/7.0/Packs/atmel/ATmega_DFP/1.7.374/gcc/dev/atmega32a/avr5/crtatmega32a.o
 .debug_abbrev  0x000004a3      0x1b4 application.o
 .debug_abbrev  0x00000657      0x2cd ECU_Layer/Chr_LCD/ecu_chr_lcd.o
 .debug_abbrev  0x00000924      0x1bd MCAL_Layer/ADC/hal_adc.o
 .debug_abbrev  0x00000ae1      0x14b MCAL_Layer/GPIO/hal_gpio.o
 .debug_abbrev  0x00000c2c      0x1a8 MCAL_Layer/I2C/hal_i2c.o
 .debug_abbrev  0x00000dd4      0x1be MCAL_Layer/Interrupt/mcal_external_interrupt.o
 .debug_abbrev  0x00000f92       0x63 MCAL_Layer/Interrupt/mcal_interrupt_manger.o
 .debug_abbrev  0x00000ff5      0x1a0 MCAL_Layer/SPI/hal_spi.o
 .debug_abbrev  0x00001195      0x1d2 MCAL_Layer/Timer0/hal_timer0.o
 .debug_abbrev  0x00001367      0x1c3 MCAL_Layer/Timer1/hal_timer1.o
 .debug_abbrev  0x0000152a      0x283 MCAL_Layer/USART/hal_usart.o

.debug_line     0x00000000     0x325d
 *(.debug_line .debug_line.* .debug_line_end)
 .debug_line    0x00000000      0x116 C:/Program Files (x86)/Atmel/Studio/7.0/Packs/atmel/ATmega_DFP/1.7.374/gcc/dev/atmega32a/avr5/crtatmega32a.o
 .debug_line    0x00000116      0x1b7 application.o
 .debug_line    0x000002cd      0x915 ECU_Layer/Chr_LCD/ecu_chr_lcd.o
 .debug_line    0x00000be2      0x611 MCAL_Layer/ADC/hal_adc.o
 .debug_line    0x000011f3      0x379 MCAL_Layer/GPIO/hal_gpio.o
 .debug_line    0x0000156c      0x4b4 MCAL_Layer/I2C/hal_i2c.o
 .debug_line    0x00001a20      0x4c4 MCAL_Layer/Interrupt/mcal_external_interrupt.o
 .debug_line    0x00001ee4      0x1f6 MCAL_Layer/Interrupt/mcal_interrupt_manger.o
 .debug_line    0x000020da      0x37c MCAL_Layer/SPI/hal_spi.o
 .debug_line    0x00002456      0x470 MCAL_Layer/Timer0/hal_timer0.o
 .debug_line    0x000028c6      0x588 MCAL_Layer/Timer1/hal_timer1.o
 .debug_line    0x00002e4e      0x40f MCAL_Layer/USART/hal_usart.o

.debug_frame    0x00000000      0xf7c
 *(.debug_frame)
 .debug_frame   0x00000000       0x34 application.o
 .debug_frame   0x00000034      0x370 ECU_Layer/Chr_LCD/ecu_chr_lcd.o
 .debug_frame   0x000003a4       0xc4 MCAL_Layer/ADC/hal_adc.o
 .debug_frame   0x00000468       0xc0 MCAL_Layer/GPIO/hal_gpio.o
 .debug_frame   0x00000528       0xf0 MCAL_Layer/I2C/hal_i2c.o
 .debug_frame   0x00000618      0x104 MCAL_Layer/Interrupt/mcal_external_interrupt.o
 .debug_frame   0x0000071c      0x4e4 MCAL_Layer/Interrupt/mcal_interrupt_manger.o
 .debug_frame   0x00000c00       0xdc MCAL_Layer/SPI/hal_spi.o
 .debug_frame   0x00000cdc       0xc0 MCAL_Layer/Timer0/hal_timer0.o
 .debug_frame   0x00000d9c       0xc0 MCAL_Layer/Timer1/hal_timer1.o
 .debug_frame   0x00000e5c      0x120 MCAL_Layer/USART/hal_usart.o

.debug_str      0x00000000     0x1fdf
 *(.debug_str)
 .debug_str     0x00000000      0x196 C:/Program Files (x86)/Atmel/Studio/7.0/Packs/atmel/ATmega_DFP/1.7.374/gcc/dev/atmega32a/avr5/crtatmega32a.o
 .debug_str     0x00000196      0x317 application.o
                                0x356 (size before relaxing)
 .debug_str     0x000004ad      0x305 ECU_Layer/Chr_LCD/ecu_chr_lcd.o
                                0x58c (size before relaxing)
 .debug_str     0x000007b2      0x3ef MCAL_Layer/ADC/hal_adc.o
                                0x563 (size before relaxing)
 .debug_str     0x00000ba1      0x138 MCAL_Layer/GPIO/hal_gpio.o
                                0x377 (size before relaxing)
 .debug_str     0x00000cd9      0x202 MCAL_Layer/I2C/hal_i2c.o
                                0x376 (size before relaxing)
 .debug_str     0x00000edb      0x278 MCAL_Layer/Interrupt/mcal_external_interrupt.o
                                0x43a (size before relaxing)
 .debug_str     0x00001153      0x15f MCAL_Layer/Interrupt/mcal_interrupt_manger.o
                                0x2da (size before relaxing)
 .debug_str     0x000012b2      0x161 MCAL_Layer/SPI/hal_spi.o
                                0x3d6 (size before relaxing)
 .debug_str     0x00001413      0x29f MCAL_Layer/Timer0/hal_timer0.o
                                0x5fe (size before relaxing)
 .debug_str     0x000016b2      0x5b5 MCAL_Layer/Timer1/hal_timer1.o
                                0x8aa (size before relaxing)
 .debug_str     0x00001c67      0x378 MCAL_Layer/USART/hal_usart.o
                                0x567 (size before relaxing)

.debug_loc      0x00000000     0x5178
 *(.debug_loc)
 .debug_loc     0x00000000       0x28 application.o
 .debug_loc     0x00000028     0x217a ECU_Layer/Chr_LCD/ecu_chr_lcd.o
 .debug_loc     0x000021a2      0x5d0 MCAL_Layer/ADC/hal_adc.o
 .debug_loc     0x00002772      0x496 MCAL_Layer/GPIO/hal_gpio.o
 .debug_loc     0x00002c08      0x516 MCAL_Layer/I2C/hal_i2c.o
 .debug_loc     0x0000311e      0x670 MCAL_Layer/Interrupt/mcal_external_interrupt.o
 .debug_loc     0x0000378e      0xb1a MCAL_Layer/Interrupt/mcal_interrupt_manger.o
 .debug_loc     0x000042a8      0x35b MCAL_Layer/SPI/hal_spi.o
 .debug_loc     0x00004603      0x37e MCAL_Layer/Timer0/hal_timer0.o
 .debug_loc     0x00004981      0x28b MCAL_Layer/Timer1/hal_timer1.o
 .debug_loc     0x00004c0c      0x56c MCAL_Layer/USART/hal_usart.o

.debug_macinfo
 *(.debug_macinfo)

.debug_weaknames
 *(.debug_weaknames)

.debug_funcnames
 *(.debug_funcnames)

.debug_typenames
 *(.debug_typenames)

.debug_varnames
 *(.debug_varnames)

.debug_pubtypes
 *(.debug_pubtypes)

.debug_ranges   0x00000000      0x4d0
 *(.debug_ranges)
 .debug_ranges  0x00000000       0x18 application.o
 .debug_ranges  0x00000018      0x110 ECU_Layer/Chr_LCD/ecu_chr_lcd.o
 .debug_ranges  0x00000128       0x98 MCAL_Layer/ADC/hal_adc.o
 .debug_ranges  0x000001c0       0x58 MCAL_Layer/GPIO/hal_gpio.o
 .debug_ranges  0x00000218       0x70 MCAL_Layer/I2C/hal_i2c.o
 .debug_ranges  0x00000288       0x78 MCAL_Layer/Interrupt/mcal_external_interrupt.o
 .debug_ranges  0x00000300       0x78 MCAL_Layer/Interrupt/mcal_interrupt_manger.o
 .debug_ranges  0x00000378       0x50 MCAL_Layer/SPI/hal_spi.o
 .debug_ranges  0x000003c8       0x50 MCAL_Layer/Timer0/hal_timer0.o
 .debug_ranges  0x00000418       0x50 MCAL_Layer/Timer1/hal_timer1.o
 .debug_ranges  0x00000468       0x68 MCAL_Layer/USART/hal_usart.o

.debug_macro
 *(.debug_macro)
OUTPUT(AVR.elf elf32-avr)
LOAD linker stubs
